INFO:
Starting build process...

INFO:
Building AAB...

INFO:
Running: D:\lifeplanner\android\gradlew.bat bundleRelease

INFO:
Starting a Gradle Daemon (subsequent builds will be faster)

INFO:
> Task :gradle-plugin:shared:checkKotlinGradlePluginConfigurationErrors SKIPPED

INFO:
> Task :gradle-plugin:settings-plugin:checkKotlinGradlePluginConfigurationErrors SKIPPED

INFO:
> Task :expo-gradle-plugin:expo-autolinking-settings-plugin:checkKotlinGradlePluginConfigurationErrors SKIPPED

INFO:
> Task :expo-gradle-plugin:expo-autolinking-plugin-shared:checkKotlinGradlePluginConfigurationErrors SKIPPED

INFO:
> Task :gradle-plugin:settings-plugin:pluginDescriptors UP-TO-DATE

INFO:
> Task :expo-gradle-plugin:expo-autolinking-settings-plugin:pluginDescriptors UP-TO-DATE

INFO:
> Task :gradle-plugin:settings-plugin:processResources UP-TO-DATE

INFO:
> Task :expo-gradle-plugin:expo-autolinking-settings-plugin:processResources UP-TO-DATE

INFO:
> Task :gradle-plugin:shared:compileKotlin UP-TO-DATE

INFO:
> Task :gradle-plugin:shared:compileJava NO-SOURCE

INFO:
> Task :gradle-plugin:shared:processResources NO-SOURCE

INFO:
> Task :gradle-plugin:shared:classes UP-TO-DATE

INFO:
> Task :gradle-plugin:shared:jar UP-TO-DATE

INFO:
> Task :expo-gradle-plugin:expo-autolinking-plugin-shared:compileKotlin UP-TO-DATE

INFO:
> Task :expo-gradle-plugin:expo-autolinking-plugin-shared:compileJava NO-SOURCE

INFO:
> Task :expo-gradle-plugin:expo-autolinking-plugin-shared:processResources NO-SOURCE

INFO:
> Task :expo-gradle-plugin:expo-autolinking-plugin-shared:classes UP-TO-DATE

INFO:
> Task :expo-gradle-plugin:expo-autolinking-plugin-shared:jar UP-TO-DATE

INFO:
> Task :gradle-plugin:settings-plugin:compileKotlin UP-TO-DATE

INFO:
> Task :gradle-plugin:settings-plugin:compileJava NO-SOURCE

INFO:
> Task :gradle-plugin:settings-plugin:classes UP-TO-DATE

INFO:
> Task :gradle-plugin:settings-plugin:jar UP-TO-DATE

INFO:
> Task :expo-gradle-plugin:expo-autolinking-settings-plugin:compileKotlin UP-TO-DATE

INFO:
> Task :expo-gradle-plugin:expo-autolinking-settings-plugin:compileJava NO-SOURCE

INFO:
> Task :expo-gradle-plugin:expo-autolinking-settings-plugin:classes UP-TO-DATE

INFO:
> Task :expo-gradle-plugin:expo-autolinking-settings-plugin:jar UP-TO-DATE

INFO:
> Task :expo-gradle-plugin:expo-autolinking-plugin:checkKotlinGradlePluginConfigurationErrors SKIPPED

INFO:
> Task :expo-gradle-plugin:expo-max-sdk-override-plugin:checkKotlinGradlePluginConfigurationErrors SKIPPED

INFO:
> Task :gradle-plugin:react-native-gradle-plugin:checkKotlinGradlePluginConfigurationErrors SKIPPED

INFO:
> Task :expo-module-gradle-plugin:checkKotlinGradlePluginConfigurationErrors SKIPPED

INFO:
> Task :expo-module-gradle-plugin:pluginDescriptors UP-TO-DATE

INFO:
> Task :expo-module-gradle-plugin:processResources UP-TO-DATE

INFO:
> Task :expo-gradle-plugin:expo-max-sdk-override-plugin:compileKotlin UP-TO-DATE

INFO:
> Task :expo-gradle-plugin:expo-max-sdk-override-plugin:compileJava NO-SOURCE

INFO:
> Task :expo-gradle-plugin:expo-max-sdk-override-plugin:pluginDescriptors UP-TO-DATE

INFO:
> Task :expo-gradle-plugin:expo-max-sdk-override-plugin:processResources UP-TO-DATE

INFO:
> Task :expo-gradle-plugin:expo-max-sdk-override-plugin:classes UP-TO-DATE

INFO:
> Task :expo-gradle-plugin:expo-autolinking-plugin:compileKotlin UP-TO-DATE

INFO:
> Task :expo-gradle-plugin:expo-autolinking-plugin:compileJava NO-SOURCE

INFO:
> Task :expo-gradle-plugin:expo-autolinking-plugin:pluginDescriptors UP-TO-DATE

INFO:
> Task :expo-gradle-plugin:expo-autolinking-plugin:processResources UP-TO-DATE

INFO:
> Task :expo-gradle-plugin:expo-autolinking-plugin:classes UP-TO-DATE

INFO:
> Task :expo-gradle-plugin:expo-autolinking-plugin:jar UP-TO-DATE

INFO:
> Task :expo-gradle-plugin:expo-max-sdk-override-plugin:jar UP-TO-DATE

INFO:
> Task :gradle-plugin:react-native-gradle-plugin:compileKotlin UP-TO-DATE

INFO:
> Task :gradle-plugin:react-native-gradle-plugin:compileJava NO-SOURCE

INFO:
> Task :gradle-plugin:react-native-gradle-plugin:pluginDescriptors UP-TO-DATE

INFO:
> Task :gradle-plugin:react-native-gradle-plugin:processResources UP-TO-DATE

INFO:
> Task :gradle-plugin:react-native-gradle-plugin:classes UP-TO-DATE

INFO:
> Task :gradle-plugin:react-native-gradle-plugin:jar UP-TO-DATE

INFO:
> Task :expo-module-gradle-plugin:compileKotlin UP-TO-DATE

INFO:
> Task :expo-module-gradle-plugin:compileJava NO-SOURCE

INFO:
> Task :expo-module-gradle-plugin:classes UP-TO-DATE

INFO:
> Task :expo-module-gradle-plugin:jar UP-TO-DATE

INFO:


INFO:
> Configure project :

INFO:
[32m[ExpoRootProject][0m Using the following versions:

INFO:
- buildTools:  [32m36.0.0[0m

INFO:
- minSdk:      [32m24[0m

INFO:
- compileSdk:  [32m36[0m

INFO:
- targetSdk:   [32m36[0m

INFO:
- ndk:         [32m27.1.12297006[0m

INFO:
- kotlin:      [32m2.1.20[0m

INFO:
- ksp:         [32m2.1.20-2.0.1[0m

INFO:


INFO:
> Configure project :app

INFO:
??  [33mApplying gradle plugin[0m '[32mexpo-max-sdk-override-plugin[0m'

INFO:
[expo-max-sdk-override-plugin] This plugin will find all permissions declared with `android:maxSdkVersion`. If there exists a declaration with the `android:maxSdkVersion` annotation and another one without, the plugin will remove the annotation from the final merged manifest. In order to see a log with the changes run a clean build of the app.

INFO:


INFO:
> Configure project :expo

INFO:


INFO:
Using expo modules

INFO:
- [32mexpo-log-box[0m (57.0.0)

INFO:
- [32mexpo-constants[0m (57.0.3)

INFO:


INFO:
> Configure project :expo-modules-core

INFO:
Linking react-native-worklets native libs into expo-modules-core build tasks

INFO:
task ':react-native-worklets:mergeDebugNativeLibs'

INFO:
task ':react-native-worklets:mergeReleaseNativeLibs'

INFO:


INFO:
> Configure project :expo

INFO:
- [32mexpo-modules-core[0m (57.0.3)

INFO:
- [33m[?][0m [32mexpo-dom-webview[0m (57.0.0)

INFO:
- [33m[?][0m [32mexpo-ui[0m (57.0.4)

INFO:
- [33m[?][0m [32mexpo-asset[0m (57.0.3)

INFO:
- [33m[?][0m [32mexpo-clipboard[0m (57.0.0)

INFO:
- [33m[?][0m [32mexpo-file-system[0m (57.0.0)

INFO:
- [33m[?][0m [32mexpo-font[0m (57.0.0)

INFO:
- [33m[?][0m [32mexpo-haptics[0m (57.0.0)

INFO:
- [33m[?][0m [32mexpo-image[0m (57.0.0)

INFO:
- [33m[?][0m [32mexpo-keep-awake[0m (57.0.0)

INFO:
- [33m[?][0m [32mexpo-linking[0m (57.0.2)

INFO:
- [33m[?][0m [32mexpo-router[0m (57.0.4)

INFO:
- [33m[?][0m [32mexpo-splash-screen[0m (57.0.2)

INFO:
- [33m[?][0m [32mexpo-sqlite[0m (57.0.0)

INFO:
- [33m[?][0m [32mexpo-status-bar[0m (57.0.0)

INFO:
- [33m[?][0m [32mexpo-system-ui[0m (57.0.0)

INFO:
- [33m[?][0m [32mexpo-web-browser[0m (57.0.0)

INFO:


INFO:


INFO:
> Task :expo-modules-core:preBuild UP-TO-DATE

INFO:
> Task :expo-log-box:preBuild UP-TO-DATE

INFO:
> Task :react-native-masked-view_masked-view:preBuild UP-TO-DATE

INFO:
> Task :expo-modules-core:preReleaseBuild UP-TO-DATE

INFO:
> Task :expo-log-box:preReleaseBuild UP-TO-DATE

INFO:
> Task :expo-log-box:generateReleaseResValues UP-TO-DATE

INFO:
> Task :expo-modules-core:generateReleaseResValues UP-TO-DATE

INFO:
> Task :expo:generatePackagesList UP-TO-DATE

INFO:
> Task :expo:preBuild UP-TO-DATE

INFO:
> Task :expo:preReleaseBuild UP-TO-DATE

INFO:
> Task :react-native-community_datetimepicker:generateCodegenSchemaFromJavaScript UP-TO-DATE

INFO:
> Task :expo:generateReleaseResValues UP-TO-DATE

INFO:
> Task :expo-log-box:generateReleaseResources UP-TO-DATE

INFO:
> Task :react-native-svg:generateCodegenSchemaFromJavaScript UP-TO-DATE

INFO:
> Task :expo-modules-core:generateReleaseResources UP-TO-DATE

INFO:
> Task :react-native-screens:generateCodegenSchemaFromJavaScript UP-TO-DATE

INFO:
> Task :react-native-gesture-handler:generateCodegenSchemaFromJavaScript UP-TO-DATE

INFO:
> Task :react-native-safe-area-context:generateCodegenSchemaFromJavaScript UP-TO-DATE

INFO:
> Task :expo:generateReleaseResources UP-TO-DATE

INFO:
> Task :react-native-community_datetimepicker:generateCodegenArtifactsFromSchema UP-TO-DATE

INFO:
> Task :react-native-community_datetimepicker:preBuild UP-TO-DATE

INFO:
> Task :react-native-community_datetimepicker:preReleaseBuild UP-TO-DATE

INFO:
> Task :react-native-community_datetimepicker:generateReleaseResValues UP-TO-DATE

INFO:
> Task :expo-log-box:packageReleaseResources UP-TO-DATE

INFO:
> Task :react-native-masked-view_masked-view:preReleaseBuild UP-TO-DATE

INFO:
> Task :react-native-safe-area-context:generateCodegenArtifactsFromSchema UP-TO-DATE

INFO:
> Task :expo:packageReleaseResources UP-TO-DATE

INFO:
> Task :react-native-community_datetimepicker:generateReleaseResources UP-TO-DATE

INFO:
> Task :expo-modules-core:packageReleaseResources UP-TO-DATE

INFO:
> Task :react-native-safe-area-context:preBuild UP-TO-DATE

INFO:
> Task :react-native-safe-area-context:preReleaseBuild UP-TO-DATE

INFO:
> Task :react-native-masked-view_masked-view:generateReleaseResValues UP-TO-DATE

INFO:
> Task :react-native-gesture-handler:generateCodegenArtifactsFromSchema UP-TO-DATE

INFO:
> Task :react-native-gesture-handler:preBuild UP-TO-DATE

INFO:
> Task :react-native-safe-area-context:generateReleaseResValues UP-TO-DATE

INFO:
> Task :react-native-gesture-handler:preReleaseBuild UP-TO-DATE

INFO:
> Task :react-native-masked-view_masked-view:generateReleaseResources UP-TO-DATE

INFO:
> Task :expo-log-box:extractDeepLinksRelease UP-TO-DATE

INFO:
> Task :expo:extractDeepLinksRelease UP-TO-DATE

INFO:
> Task :react-native-screens:generateCodegenArtifactsFromSchema UP-TO-DATE

INFO:
> Task :react-native-screens:preBuild UP-TO-DATE

INFO:
> Task :react-native-safe-area-context:generateReleaseResources UP-TO-DATE

INFO:
> Task :react-native-svg:generateCodegenArtifactsFromSchema UP-TO-DATE

INFO:
> Task :react-native-screens:preReleaseBuild UP-TO-DATE

INFO:
> Task :react-native-gesture-handler:generateReleaseResValues UP-TO-DATE

INFO:
> Task :react-native-svg:preBuild UP-TO-DATE

INFO:
> Task :react-native-svg:preReleaseBuild UP-TO-DATE

INFO:
> Task :react-native-screens:generateReleaseResValues UP-TO-DATE

INFO:
> Task :react-native-gesture-handler:generateReleaseResources UP-TO-DATE

INFO:
> Task :react-native-svg:generateReleaseResValues UP-TO-DATE

INFO:
> Task :react-native-community_datetimepicker:packageReleaseResources UP-TO-DATE

INFO:
> Task :expo:processReleaseManifest UP-TO-DATE

INFO:
> Task :expo-log-box:processReleaseManifest UP-TO-DATE

INFO:
> Task :react-native-safe-area-context:packageReleaseResources UP-TO-DATE

INFO:
> Task :expo-modules-core:extractDeepLinksRelease UP-TO-DATE

INFO:
> Task :react-native-svg:generateReleaseResources UP-TO-DATE

INFO:
> Task :react-native-masked-view_masked-view:packageReleaseResources UP-TO-DATE

INFO:
> Task :react-native-community_datetimepicker:extractDeepLinksRelease UP-TO-DATE

INFO:
> Task :react-native-safe-area-context:extractDeepLinksRelease UP-TO-DATE

INFO:
> Task :expo:writeReleaseAarMetadata UP-TO-DATE

INFO:
> Task :react-native-masked-view_masked-view:extractDeepLinksRelease UP-TO-DATE

INFO:
> Task :expo-log-box:writeReleaseAarMetadata UP-TO-DATE

INFO:
> Task :react-native-gesture-handler:packageReleaseResources UP-TO-DATE

INFO:
> Task :expo-modules-core:processReleaseManifest UP-TO-DATE

INFO:
> Task :react-native-screens:generateReleaseResources UP-TO-DATE

INFO:
> Task :expo-modules-core:writeReleaseAarMetadata UP-TO-DATE

INFO:
> Task :expo:compileReleaseLibraryResources UP-TO-DATE

INFO:
> Task :react-native-gesture-handler:extractDeepLinksRelease UP-TO-DATE

INFO:
> Task :react-native-safe-area-context:processReleaseManifest UP-TO-DATE

INFO:
> Task :react-native-community_datetimepicker:processReleaseManifest UP-TO-DATE

INFO:
> Task :expo-log-box:compileReleaseLibraryResources UP-TO-DATE

INFO:
> Task :react-native-svg:packageReleaseResources UP-TO-DATE

INFO:
> Task :react-native-masked-view_masked-view:processReleaseManifest UP-TO-DATE

INFO:
> Task :react-native-safe-area-context:writeReleaseAarMetadata UP-TO-DATE

INFO:
> Task :react-native-community_datetimepicker:writeReleaseAarMetadata UP-TO-DATE

INFO:
> Task :react-native-masked-view_masked-view:writeReleaseAarMetadata UP-TO-DATE

INFO:
> Task :react-native-svg:extractDeepLinksRelease UP-TO-DATE

INFO:
> Task :expo-modules-core:compileReleaseLibraryResources UP-TO-DATE

INFO:
> Task :react-native-gesture-handler:processReleaseManifest UP-TO-DATE

INFO:
> Task :react-native-masked-view_masked-view:compileReleaseLibraryResources UP-TO-DATE

INFO:
> Task :react-native-community_datetimepicker:compileReleaseLibraryResources UP-TO-DATE

INFO:
> Task :react-native-gesture-handler:writeReleaseAarMetadata UP-TO-DATE

INFO:
> Task :expo-modules-core:parseReleaseLocalResources UP-TO-DATE

INFO:
> Task :react-native-gesture-handler:compileReleaseLibraryResources UP-TO-DATE

INFO:
> Task :react-native-svg:processReleaseManifest UP-TO-DATE

INFO:
> Task :react-native-community_datetimepicker:parseReleaseLocalResources UP-TO-DATE

INFO:
> Task :react-native-masked-view_masked-view:parseReleaseLocalResources UP-TO-DATE

INFO:
> Task :expo:parseReleaseLocalResources UP-TO-DATE

INFO:
> Task :expo-log-box:parseReleaseLocalResources UP-TO-DATE

INFO:
> Task :react-native-screens:packageReleaseResources UP-TO-DATE

INFO:
> Task :react-native-svg:writeReleaseAarMetadata UP-TO-DATE

INFO:
> Task :react-native-screens:extractDeepLinksRelease UP-TO-DATE

INFO:
> Task :react-native-safe-area-context:compileReleaseLibraryResources UP-TO-DATE

INFO:
> Task :expo-modules-core:generateReleaseRFile UP-TO-DATE

INFO:
> Task :expo-log-box:generateReleaseRFile UP-TO-DATE

INFO:
> Task :expo-modules-core:checkKotlinGradlePluginConfigurationErrors SKIPPED

INFO:
> Task :react-native-svg:compileReleaseLibraryResources UP-TO-DATE

INFO:
> Task :expo:generateReleaseRFile UP-TO-DATE

INFO:
> Task :react-native-safe-area-context:parseReleaseLocalResources UP-TO-DATE

INFO:
> Task :expo:checkKotlinGradlePluginConfigurationErrors SKIPPED

INFO:
> Task :react-native-masked-view_masked-view:generateReleaseRFile UP-TO-DATE

INFO:
> Task :expo-log-box:checkKotlinGradlePluginConfigurationErrors SKIPPED

INFO:
> Task :react-native-gesture-handler:parseReleaseLocalResources UP-TO-DATE

INFO:
> Task :react-native-svg:parseReleaseLocalResources UP-TO-DATE

INFO:
> Task :expo-modules-core:generateReleaseBuildConfig UP-TO-DATE

INFO:
> Task :expo:generateReleaseBuildConfig UP-TO-DATE

INFO:
> Task :react-native-screens:processReleaseManifest UP-TO-DATE

INFO:
> Task :expo-modules-core:javaPreCompileRelease UP-TO-DATE

INFO:
> Task :expo:javaPreCompileRelease UP-TO-DATE

INFO:
> Task :expo-log-box:generateReleaseBuildConfig UP-TO-DATE

INFO:
> Task :react-native-screens:writeReleaseAarMetadata UP-TO-DATE

INFO:
> Task :react-native-svg:generateReleaseRFile UP-TO-DATE

INFO:
> Task :react-native-masked-view_masked-view:generateReleaseBuildConfig UP-TO-DATE

INFO:
> Task :expo:mergeReleaseShaders UP-TO-DATE

INFO:
> Task :react-native-svg:generateReleaseBuildConfig UP-TO-DATE

INFO:
> Task :react-native-masked-view_masked-view:javaPreCompileRelease UP-TO-DATE

INFO:
> Task :expo:compileReleaseShaders NO-SOURCE

INFO:
> Task :expo:generateReleaseAssets UP-TO-DATE

INFO:
> Task :react-native-svg:javaPreCompileRelease UP-TO-DATE

INFO:
> Task :react-native-screens:compileReleaseLibraryResources UP-TO-DATE

INFO:
> Task :react-native-gesture-handler:generateReleaseRFile UP-TO-DATE

INFO:
> Task :expo-log-box:javaPreCompileRelease UP-TO-DATE

INFO:
> Task :react-native-gesture-handler:checkKotlinGradlePluginConfigurationErrors SKIPPED

INFO:
> Task :react-native-gesture-handler:generateReleaseBuildConfig UP-TO-DATE

INFO:
> Task :react-native-screens:parseReleaseLocalResources UP-TO-DATE

INFO:
> Task :react-native-gesture-handler:javaPreCompileRelease UP-TO-DATE

INFO:
> Task :expo-modules-core:mergeReleaseShaders UP-TO-DATE

INFO:
> Task :react-native-screens:generateReleaseRFile UP-TO-DATE

INFO:
> Task :react-native-screens:checkKotlinGradlePluginConfigurationErrors SKIPPED

INFO:
> Task :expo-modules-core:compileReleaseShaders NO-SOURCE

INFO:
> Task :expo-modules-core:generateReleaseAssets UP-TO-DATE

INFO:
> Task :react-native-screens:generateReleaseBuildConfig UP-TO-DATE

INFO:
> Task :expo-modules-core:mergeReleaseAssets UP-TO-DATE

INFO:
> Task :react-native-gesture-handler:mergeReleaseShaders UP-TO-DATE

INFO:
> Task :react-native-gesture-handler:compileReleaseShaders NO-SOURCE

INFO:
> Task :react-native-gesture-handler:generateReleaseAssets UP-TO-DATE

INFO:
> Task :react-native-gesture-handler:mergeReleaseAssets UP-TO-DATE

INFO:
> Task :expo-modules-core:mergeReleaseJniLibFolders UP-TO-DATE

INFO:
> Task :react-native-gesture-handler:mergeReleaseJniLibFolders UP-TO-DATE

INFO:
> Task :expo-modules-core:prepareReleaseArtProfile UP-TO-DATE

INFO:
> Task :react-native-gesture-handler:prepareReleaseArtProfile UP-TO-DATE

INFO:
> Task :expo-modules-core:extractProguardFiles UP-TO-DATE

INFO:
> Task :expo-modules-core:prepareLintJarForPublish UP-TO-DATE

INFO:
> Task :react-native-gesture-handler:extractProguardFiles UP-TO-DATE

INFO:
> Task :react-native-gesture-handler:prepareLintJarForPublish UP-TO-DATE

INFO:
> Task :react-native-gesture-handler:extractDeepLinksForAarRelease UP-TO-DATE

INFO:
> Task :expo-modules-core:extractDeepLinksForAarRelease UP-TO-DATE

INFO:
> Task :expo-modules-core:writeReleaseLintModelMetadata UP-TO-DATE

INFO:
> Task :react-native-gesture-handler:writeReleaseLintModelMetadata UP-TO-DATE

INFO:
> Task :expo:mergeReleaseAssets UP-TO-DATE

INFO:
> Task :react-native-community_datetimepicker:generateReleaseRFile UP-TO-DATE

INFO:
> Task :react-native-community_datetimepicker:checkKotlinGradlePluginConfigurationErrors SKIPPED

INFO:
> Task :react-native-safe-area-context:generateReleaseRFile UP-TO-DATE

INFO:
> Task :expo:mergeReleaseJniLibFolders UP-TO-DATE

INFO:
> Task :react-native-community_datetimepicker:generateReleaseBuildConfig UP-TO-DATE

INFO:
> Task :react-native-safe-area-context:checkKotlinGradlePluginConfigurationErrors SKIPPED

INFO:
> Task :expo:mergeReleaseNativeLibs NO-SOURCE

INFO:
> Task :react-native-safe-area-context:generateReleaseBuildConfig UP-TO-DATE

INFO:
> Task :expo-log-box:mergeReleaseShaders UP-TO-DATE

INFO:
> Task :expo:copyReleaseJniLibsProjectOnly UP-TO-DATE

INFO:
> Task :expo-log-box:compileReleaseShaders NO-SOURCE

INFO:
> Task :expo-log-box:generateReleaseAssets UP-TO-DATE

INFO:
> Task :expo:prepareReleaseArtProfile UP-TO-DATE

INFO:
> Task :expo:extractProguardFiles UP-TO-DATE

INFO:
> Task :expo-log-box:mergeReleaseAssets UP-TO-DATE

INFO:
> Task :expo:prepareLintJarForPublish UP-TO-DATE

INFO:
> Task :expo:stripReleaseDebugSymbols NO-SOURCE

INFO:
> Task :expo-log-box:mergeReleaseJniLibFolders UP-TO-DATE

INFO:
> Task :expo:copyReleaseJniLibsProjectAndLocalJars UP-TO-DATE

INFO:
> Task :expo-log-box:mergeReleaseNativeLibs NO-SOURCE

INFO:
> Task :expo-log-box:copyReleaseJniLibsProjectOnly UP-TO-DATE

INFO:
> Task :expo:extractDeepLinksForAarRelease UP-TO-DATE

INFO:
> Task :expo:writeReleaseLintModelMetadata UP-TO-DATE

INFO:
> Task :expo-log-box:prepareReleaseArtProfile UP-TO-DATE

INFO:
> Task :expo-log-box:extractProguardFiles UP-TO-DATE

INFO:
> Task :expo-log-box:prepareLintJarForPublish UP-TO-DATE

INFO:
> Task :expo-log-box:stripReleaseDebugSymbols NO-SOURCE

INFO:
> Task :expo-log-box:copyReleaseJniLibsProjectAndLocalJars UP-TO-DATE

INFO:
> Task :expo-log-box:extractDeepLinksForAarRelease UP-TO-DATE

INFO:
> Task :expo-log-box:writeReleaseLintModelMetadata UP-TO-DATE

INFO:
> Task :react-native-reanimated:assertMinimalReactNativeVersionTask

INFO:
> Task :react-native-worklets:assertMinimalReactNativeVersionTask

INFO:
> Task :react-native-worklets:generateCodegenSchemaFromJavaScript UP-TO-DATE

INFO:
> Task :react-native-worklets:generateCodegenArtifactsFromSchema UP-TO-DATE

INFO:
> Task :react-native-worklets:prepareWorkletsHeadersForPrefabs UP-TO-DATE

INFO:
> Task :react-native-worklets:preBuild

INFO:
> Task :react-native-worklets:preReleaseBuild

INFO:
> Task :react-native-worklets:generateReleaseResValues UP-TO-DATE

INFO:
> Task :react-native-svg:compileReleaseJavaWithJavac UP-TO-DATE

INFO:
> Task :react-native-masked-view_masked-view:compileReleaseJavaWithJavac UP-TO-DATE

INFO:
> Task :react-native-svg:bundleLibCompileToJarRelease UP-TO-DATE

INFO:
> Task :react-native-worklets:generateReleaseResources UP-TO-DATE

INFO:
> Task :react-native-masked-view_masked-view:bundleLibRuntimeToDirRelease UP-TO-DATE

INFO:
> Task :react-native-masked-view_masked-view:bundleLibCompileToJarRelease UP-TO-DATE

INFO:
> Task :react-native-masked-view_masked-view:mergeReleaseShaders UP-TO-DATE

INFO:
> Task :react-native-masked-view_masked-view:compileReleaseShaders NO-SOURCE

